[www.saffe.ai/index.html]
[backblue.gif]
[fade.gif]
[index.html]
[www.saffe.ai/wp-content/themes/leadengine/core/assets/css/bootstrap.minc8d8.css]
[www.saffe.ai/wp-content/themes/leadengine/stylec8d8.css]
[www.saffe.ai/feed/index.html]
[www.saffe.ai/comments/feed/index.html]
[www.saffe.ai/wp-content/themes/leadengine-child/stylec8d8.css]
[www.saffe.ai/wp-includes/css/dist/block-library/style.minc8d8.css]
[www.saffe.ai/wp-content/plugins/contact-form-7/includes/css/styles4245.css]
[www.saffe.ai/wp-content/plugins/feed-them-social/feeds/css/styles0e1f.css]
[www.saffe.ai/wp-content/plugins/keydesign-addon/assets/css/kd_vc_frontc8d8.css]
[www.saffe.ai/wp-content/plugins/revslider/public/assets/css/rs66fb3.css]
[www.saffe.ai/wp-content/plugins/translatepress-multilingual/assets/css/trp-language-switcherd63f.css]
[www.saffe.ai/wp-content/plugins/js_composer/assets/lib/bower/font-awesome/css/font-awesome.min52c7.css]
[www.saffe.ai/wp-content/plugins/keydesign-addon/assets/css/iconsmind.minc8d8.css]
[www.saffe.ai/wp-content/plugins/js_composer/assets/css/js_composer.min52c7.css]
[www.saffe.ai/wp-content/plugins/keydesign-addon/extensions/social_profiles/social_profiles/css/field_social_profiles_frontend7812.css]
[www.saffe.ai/wp-content/plugins/keydesign-addon/assets/css/photoswipec8d8.css]
[www.saffe.ai/wp-content/plugins/keydesign-addon/assets/css/photoswipe-default-skinc8d8.css]
[www.saffe.ai/wp-includes/js/jquery/jquery.minaf6c.js]
[www.saffe.ai/wp-includes/js/jquery/jquery-migrate.mind617.js]
[www.saffe.ai/wp-content/plugins/feed-them-social/feeds/js/powered-by0e1f.js]
[www.saffe.ai/wp-content/plugins/feed-them-social/feeds/js/fts-global0e1f.js]
[www.saffe.ai/wp-content/plugins/keydesign-addon/assets/js/jquery.easing.minc8d8.js]
[www.saffe.ai/wp-content/plugins/keydesign-addon/assets/js/owl.carousel.minc8d8.js]
[www.saffe.ai/wp-content/plugins/keydesign-addon/assets/js/jquery.appearc8d8.js]
[www.saffe.ai/wp-content/plugins/keydesign-addon/assets/js/kd_addon_scriptc8d8.js]
[www.saffe.ai/wp-content/plugins/revslider/public/assets/js/revolution.tools.minf049.js]
[www.saffe.ai/wp-content/plugins/revslider/public/assets/js/rs6.min6fb3.js]
[www.saffe.ai/wp-content/plugins/keydesign-addon/assets/js/jquery.easytabs.minc8d8.js]
[www.saffe.ai/wp-content/plugins/keydesign-addon/assets/js/photoswipe.minc8d8.js]
[www.saffe.ai/wp-content/plugins/keydesign-addon/assets/js/photoswipe-ui-default.minc8d8.js]
[www.saffe.ai/wp-json/wp/v2/pages/6866.json]
[www.saffe.ai/wp-json/index.html]
[www.saffe.ai/xmlrpc0db0.php]
[www.saffe.ai/wp-includes/wlwmanifest.xml]
[www.saffe.ai/wp-json/oembed/1.0/embed7de3.json]
[www.saffe.ai/wp-json/oembed/1.0/embede8b4]
[www.saffe.ai/wp-content/uploads/2019/12/cropped-favicon-96x96-1-32x32.png]
[www.saffe.ai/wp-content/uploads/2019/12/cropped-favicon-96x96-1-192x192.png]
[www.saffe.ai/wp-content/uploads/2019/12/cropped-favicon-96x96-1-180x180.png]
[www.saffe.ai/pt/index.html]
[www.saffe.ai/wp-content/uploads/2020/01/saffe-white@4x.png]
[www.saffe.ai/wp-content/plugins/revslider/public/assets/js/revolution.tools.min9666.js]
[www.saffe.ai/technology/index.html]
[www.saffe.ai/use-cases/index.html]
[www.saffe.ai/who-we-are/index.html]
[www.saffe.ai/demo/index.html]
[www.saffe.ai/wp-content/plugins/revslider/public/assets/js/rs6.min9666.js]
[www.saffe.ai/wp-content/plugins/revslider/public/assets/assets/dummy.png]
[www.saffe.ai/wp-content/uploads/2020/01/nist-2-300x192.png]
[www.saffe.ai/wp-content/uploads/2020/01/ilustracoes-home-beneficios_rapidez.png.png]
[www.saffe.ai/wp-content/uploads/2020/01/ilustracoes-home-beneficios_seguranca.png.png]
[www.saffe.ai/wp-content/uploads/2020/01/ilustracoes-home-beneficios_flexivel.png.png]
[www.saffe.ai/wp-content/uploads/2020/01/ilustracoes-home-beneficios_economico.png.png]
[www.saffe.ai/wp-content/uploads/2019/12/visa-1.png]
[www.saffe.ai/wp-content/uploads/2019/12/bbva-open-talent-1.png]
[www.saffe.ai/wp-content/uploads/2020/01/fca.png]
[www.saffe.ai/wp-content/uploads/2020/01/wayra-novo.png]
[www.saffe.ai/wp-content/uploads/2020/01/poland-prize.png]
[www.saffe.ai/wp-content/uploads/2020/01/saffe-color@4x-300x177.png]
[www.saffe.ai/wp-includes/js/dist/vendor/regenerator-runtime.minb36a.js]
[www.saffe.ai/wp-includes/js/dist/vendor/wp-polyfill.min2c7c.js]
[www.saffe.ai/wp-content/plugins/contact-form-7/includes/js/index4245.js]
[www.saffe.ai/wp-content/themes/leadengine/core/assets/js/bootstrap.minc8d8.js]
[www.saffe.ai/wp-includes/js/imagesloaded.mineda1.js]
[www.saffe.ai/wp-includes/js/masonry.min3a05.js]
[www.saffe.ai/wp-content/themes/leadengine/core/assets/js/scriptsc8d8.js]
[www.saffe.ai/wp-includes/js/wp-embed.minc8d8.js]
[www.saffe.ai/wp-content/plugins/js_composer/assets/js/dist/js_composer_front.min52c7.js]
[www.saffe.ai/index.html]
[www.saffe.ai/xmlrpc.php]
[www.saffe.ai/wp-content/themes/leadengine/core/assets/css/bootstrap.minc8d8.css]
[www.saffe.ai/wp-content/themes/leadengine/core/assets/images/icons/select-arrow.png]
[www.saffe.ai/wp-content/themes/leadengine/stylec8d8.css]
[www.saffe.ai/wp-content/themes/leadengine-child/stylec8d8.css]
[www.saffe.ai/wp-includes/css/dist/block-library/style.minc8d8.css]
[www.saffe.ai/wp-content/plugins/contact-form-7/includes/css/styles4245.css]
[www.saffe.ai/wp-content/plugins/feed-them-social/feeds/css/font/fontawesome-webfontf77b.eot]
[www.saffe.ai/wp-content/plugins/feed-them-social/feeds/css/font/fontawesome-webfontd41d.eot]
[www.saffe.ai/wp-content/plugins/feed-them-social/feeds/css/font/fontawesome-webfontf77b.woff]
[www.saffe.ai/wp-content/plugins/feed-them-social/feeds/css/font/fontawesome-webfontf77b.ttf]
[www.saffe.ai/wp-content/plugins/feed-them-social/feeds/images/video-play-btn.png]
[www.saffe.ai/wp-content/plugins/feed-them-social/feeds/images/hearts-instagram.jpg]
[www.saffe.ai/wp-content/plugins/feed-them-social/feeds/images/comments-instagram.jpg]
[www.saffe.ai/wp-content/plugins/feed-them-social/feeds/images/pinterest-icons.png]
[www.saffe.ai/wp-content/plugins/feed-them-social/feeds/css/styles0e1f.css]
[www.saffe.ai/wp-content/plugins/keydesign-addon/assets/img/quote1.png]
[www.saffe.ai/wp-content/plugins/keydesign-addon/assets/img/quote2.png]
[www.saffe.ai/wp-content/plugins/keydesign-addon/assets/img/checked.png]
[www.saffe.ai/wp-content/plugins/keydesign-addon/assets/img/share.png]
[www.saffe.ai/wp-content/plugins/keydesign-addon/assets/img/long-shadow.png]
[www.saffe.ai/wp-content/plugins/keydesign-addon/assets/img/section-bg.jpg]
[www.saffe.ai/wp-content/plugins/keydesign-addon/assets/css/kd_vc_frontc8d8.css]
[www.saffe.ai/wp-content/plugins/revslider/public/assets/fonts/revicons/revicons90c6.eot]
[www.saffe.ai/wp-content/plugins/revslider/public/assets/fonts/revicons/revicons90c6.woff]
[www.saffe.ai/wp-content/plugins/revslider/public/assets/fonts/revicons/revicons90c6.ttf]
[www.saffe.ai/wp-content/plugins/revslider/public/assets/assets/gridtile.png]
[www.saffe.ai/wp-content/plugins/revslider/public/assets/assets/gridtile_white.png]
[www.saffe.ai/wp-content/plugins/revslider/public/assets/assets/gridtile_3x3.png]
[www.saffe.ai/wp-content/plugins/revslider/public/assets/assets/gridtile_3x3_white.png]
[www.saffe.ai/wp-content/plugins/revslider/public/assets/assets/coloredbg.png]
[www.saffe.ai/wp-content/plugins/revslider/public/assets/assets/loader.gif]
[www.saffe.ai/wp-content/plugins/revslider/public/assets/css/rs66fb3.css]
[www.saffe.ai/wp-content/plugins/translatepress-multilingual/assets/css/trp-language-switcherd63f.css]
[www.saffe.ai/wp-content/plugins/js_composer/assets/lib/bower/font-awesome/fonts/fontawesome-webfont3e6e.eot]
[www.saffe.ai/wp-content/plugins/js_composer/assets/lib/bower/font-awesome/fonts/fontawesome-webfontd41d.eot]
[www.saffe.ai/wp-content/plugins/js_composer/assets/lib/bower/font-awesome/fonts/fontawesome-webfont3e6e.woff2]
[www.saffe.ai/wp-content/plugins/js_composer/assets/lib/bower/font-awesome/fonts/fontawesome-webfont3e6e.woff]
[www.saffe.ai/wp-content/plugins/js_composer/assets/lib/bower/font-awesome/fonts/fontawesome-webfont3e6e.ttf]
[www.saffe.ai/wp-content/plugins/js_composer/assets/lib/bower/font-awesome/css/font-awesome.min52c7.css]
[www.saffe.ai/wp-content/plugins/keydesign-addon/assets/fonts/iconsmindd41d.eot]
[www.saffe.ai/wp-content/plugins/keydesign-addon/assets/fonts/iconsmind.woff]
[www.saffe.ai/wp-content/plugins/keydesign-addon/assets/fonts/iconsmind.ttf]
[www.saffe.ai/wp-content/plugins/keydesign-addon/assets/css/iconsmind.minc8d8.css]
[www.saffe.ai/wp-content/plugins/js_composer/assets/vc/alert.png]
[www.saffe.ai/wp-content/plugins/js_composer/assets/vc/info.png]
[www.saffe.ai/wp-content/plugins/js_composer/assets/vc/tick.png]
[www.saffe.ai/wp-content/plugins/js_composer/assets/vc/exclamation.png]
[www.saffe.ai/wp-content/plugins/js_composer/assets/images/icons/address-book.png]
[www.saffe.ai/wp-content/plugins/js_composer/assets/images/icons/alarm-clock.png]
[www.saffe.ai/wp-content/plugins/js_composer/assets/images/icons/anchor.png]
[www.saffe.ai/wp-content/plugins/js_composer/assets/images/icons/application-image.png]
[www.saffe.ai/wp-content/plugins/js_composer/assets/images/icons/arrow.png]
[www.saffe.ai/wp-content/plugins/js_composer/assets/images/icons/asterisk.png]
[www.saffe.ai/wp-content/plugins/js_composer/assets/images/icons/auction-hammer.png]
[www.saffe.ai/wp-content/plugins/js_composer/assets/images/icons/balloon.png]
[www.saffe.ai/wp-content/plugins/js_composer/assets/images/icons/balloon-buzz.png]
[www.saffe.ai/wp-content/plugins/js_composer/assets/images/icons/balloon-facebook.png]
[www.saffe.ai/wp-content/plugins/js_composer/assets/images/icons/balloon-twitter.png]
[www.saffe.ai/wp-content/plugins/js_composer/assets/images/icons/battery-full.png]
[www.saffe.ai/wp-content/plugins/js_composer/assets/images/icons/binocular.png]
[www.saffe.ai/wp-content/plugins/js_composer/assets/images/icons/blue-document-excel.png]
[www.saffe.ai/wp-content/plugins/js_composer/assets/images/icons/blue-document-image.png]
[www.saffe.ai/wp-content/plugins/js_composer/assets/images/icons/blue-document-music.png]
[www.saffe.ai/wp-content/plugins/js_composer/assets/images/icons/blue-document-office.png]
[www.saffe.ai/wp-content/plugins/js_composer/assets/images/icons/blue-document-pdf.png]
[www.saffe.ai/wp-content/plugins/js_composer/assets/images/icons/blue-document-powerpoint.png]
[www.saffe.ai/wp-content/plugins/js_composer/assets/images/icons/blue-document-word.png]
[www.saffe.ai/wp-content/plugins/js_composer/assets/images/icons/bookmark.png]
[www.saffe.ai/wp-content/plugins/js_composer/assets/images/icons/camcorder.png]
[www.saffe.ai/wp-content/plugins/js_composer/assets/images/icons/camera.png]
[www.saffe.ai/wp-content/plugins/js_composer/assets/images/icons/chart.png]
[www.saffe.ai/wp-content/plugins/js_composer/assets/images/icons/chart-pie.png]
[www.saffe.ai/wp-content/plugins/js_composer/assets/images/icons/clock.png]
[www.saffe.ai/wp-content/plugins/js_composer/assets/images/icons/control.png]
[www.saffe.ai/wp-content/plugins/js_composer/assets/images/icons/fire.png]
[www.saffe.ai/wp-content/plugins/js_composer/assets/images/icons/heart.png]
[www.saffe.ai/wp-content/plugins/js_composer/assets/images/icons/mail.png]
[www.saffe.ai/wp-content/plugins/js_composer/assets/images/icons/plus-shield.png]
[www.saffe.ai/wp-content/plugins/js_composer/assets/images/icons/video.png]
[www.saffe.ai/wp-content/plugins/js_composer/assets/fonts/vc_icons_v2/fonts/vcpb-plugin-iconsb82a.eot]
[www.saffe.ai/wp-content/plugins/js_composer/assets/fonts/vc_icons_v2/fonts/vcpb-plugin-iconsb82a.ttf]
[www.saffe.ai/wp-content/plugins/js_composer/assets/fonts/vc_icons_v2/fonts/vcpb-plugin-iconsb82a.woff]
[www.saffe.ai/wp-content/plugins/js_composer/assets/images/toggle_open.png]
[www.saffe.ai/wp-content/plugins/js_composer/assets/images/toggle_close.png]
[www.saffe.ai/wp-content/plugins/js_composer/assets/images/flickr.png]
[www.saffe.ai/wp-content/plugins/js_composer/assets/fonts/vc_grid/vc_grid_v157a1.eot]
[www.saffe.ai/wp-content/plugins/js_composer/assets/fonts/vc_grid/vc_grid_v1d41d.eot]
[www.saffe.ai/wp-content/plugins/js_composer/assets/fonts/vc_grid/vc_grid_v157a1.woff]
[www.saffe.ai/wp-content/plugins/js_composer/assets/fonts/vc_grid/vc_grid_v157a1.ttf]
[www.saffe.ai/wp-content/plugins/js_composer/assets/images/spinner.gif]
[www.saffe.ai/wp-content/plugins/js_composer/assets/vc/remove.png]
[www.saffe.ai/wp-content/plugins/js_composer/assets/css/js_composer.min52c7.css]
[www.saffe.ai/wp-content/plugins/keydesign-addon/extensions/social_profiles/social_profiles/css/field_social_profiles_frontend7812.css]
[www.saffe.ai/wp-content/plugins/keydesign-addon/assets/css/photoswipec8d8.css]
[www.saffe.ai/wp-content/plugins/keydesign-addon/assets/img/photoswipe/default-skin.png]
[www.saffe.ai/wp-content/plugins/keydesign-addon/assets/img/photoswipe/preloader.gif]
[www.saffe.ai/wp-content/plugins/keydesign-addon/assets/css/photoswipe-default-skinc8d8.css]
[www.saffe.ai/wp-content/plugins/keydesign-addon/extensions/social_profiles/social_profiles/css/field_social_profiles_frontend3e6b.css]
[www.saffe.ai/pt/feed/index.html]
[www.saffe.ai/pt/comments/feed/index.html]
[www.saffe.ai/pt/wp-json/wp/v2/pages/6866.json]
[www.saffe.ai/pt/wp-json/index.html]
[www.saffe.ai/pt/wp-json/oembed/1.0/embed1513.json]
[www.saffe.ai/pt/wp-json/oembed/1.0/embed34f2]
[www.saffe.ai/wp-content/plugins/translatepress-multilingual/assets/js/trp-translate-dom-changesd63f.js]
[www.saffe.ai/pt/index.html]
[www.saffe.ai/pt/who-we-are/index.html]
[www.saffe.ai/pt/demo/index.html]
[www.saffe.ai/pt/technology/index.html]
[www.saffe.ai/pt/use-cases/index.html]
[www.saffe.ai/wp-content/plugins/keydesign-addon/extensions/social_profiles/social_profiles/css/field_social_profiles_frontenda76c.css]
[www.saffe.ai/wp-json/wp/v2/pages/6180.json]
[www.saffe.ai/wp-json/oembed/1.0/embed6f0d.json]
[www.saffe.ai/wp-json/oembed/1.0/embed68c2]
[www.saffe.ai/wp-content/uploads/2020/04/logo-modalmais-01-scaled.jpg]
[www.saffe.ai/wp-content/uploads/2020/05/download-1.png]
[www.saffe.ai/wp-content/uploads/2020/08/Design-sem-nome-3.jpg]
[www.saffe.ai/wp-content/uploads/2020/04/download.jpg]
[www.saffe.ai/wp-content/uploads/2020/05/download.png]
[www.saffe.ai/wp-content/uploads/2021/03/fabbit-lo.png]
[www.saffe.ai/wp-content/uploads/2020/01/plugnplay.png]
[www.saffe.ai/wp-content/uploads/2019/12/royal-bank.png]
[www.saffe.ai/wp-content/uploads/2019/12/santander.png]
[www.saffe.ai/wp-content/uploads/2019/12/ing.png]
[www.saffe.ai/wp-content/uploads/2019/12/inovabra.png]
[www.saffe.ai/wp-content/uploads/2020/01/madridinmotion.png]
[www.saffe.ai/wp-content/uploads/2020/01/sibs-payforward.png]
[www.saffe.ai/wp-content/uploads/2020/01/liga-retail-GPA.png]
[www.saffe.ai/wp-content/uploads/2020/01/vodafone-powerlab.png]
[www.saffe.ai/wp-content/uploads/2020/03/hubble-banco.jpg]
[www.saffe.ai/wp-content/uploads/2021/03/difc.png]
[www.saffe.ai/wp-content/uploads/2020/03/tech-business-camp.jpg]
[www.saffe.ai/wp-content/uploads/2020/03/lift-1.jpg]
[www.saffe.ai/wp-content/uploads/2020/01/sicred.png]
[www.saffe.ai/wp-content/uploads/2020/03/polandPrizeStwor.png]
[www.saffe.ai/wp-content/plugins/js_composer/assets/lib/bower/animate-css/animate.min52c7.css]
[www.saffe.ai/wp-content/plugins/js_composer/assets/lib/vc_waypoints/vc-waypoints.min52c7.js]
[www.saffe.ai/who-we-are/index.html]
[www.saffe.ai/wp-json/wp/v2/pages/6215.json]
[www.saffe.ai/wp-json/oembed/1.0/embedb530.json]
[www.saffe.ai/wp-json/oembed/1.0/embed127d]
[www.saffe.ai/wp-content/uploads/2020/01/ia-deeplearn@4x.png]
[www.saffe.ai/wp-content/uploads/2020/01/prova-de-vida-1.jpg]
[www.saffe.ai/wp-content/uploads/2020/01/patentes.jpg]
[www.saffe.ai/wp-content/uploads/2020/03/fca-nist-1.jpg]
[www.saffe.ai/wp-content/uploads/2020/03/GDPR-LGPD.jpg]
[www.saffe.ai/wp-content/plugins/keydesign-addon/assets/js/kd_counttoc8d8.js]
[www.saffe.ai/technology/index.html]
[www.saffe.ai/wp-json/wp/v2/pages/6212.json]
[www.saffe.ai/wp-json/oembed/1.0/embed99ce.json]
[www.saffe.ai/wp-json/oembed/1.0/embedc6c7]
[www.saffe.ai/wp-content/uploads/2020/03/store-payments.png]
[www.saffe.ai/wp-content/uploads/2020/03/Carulla-Nuevo-Carulla-SmartMarket-Facebook.mp4]
[www.saffe.ai/wp-content/uploads/2020/04/cybersecurity.png]
[www.saffe.ai/wp-content/uploads/2020/03/Novo-app-modalmais-Onboarding.mp4]
[www.saffe.ai/wp-content/uploads/2020/03/madrid-motion-1-scaled.jpg]
[www.saffe.ai/wp-content/uploads/2020/03/id-verification-saffe.png]
[www.saffe.ai/wp-content/uploads/2020/04/SAFFE-slide-antifraude-low1.mp4]
[www.saffe.ai/wp-content/uploads/2020/01/saffe1.jpg]
[www.saffe.ai/wp-content/plugins/js_composer/assets/lib/bower/skrollr/dist/skrollr.min52c7.js]
[www.saffe.ai/use-cases/index.html]
[www.saffe.ai/wp-content/plugins/keydesign-addon/extensions/social_profiles/social_profiles/css/field_social_profiles_frontendec52.css]
[www.saffe.ai/wp-json/wp/v2/pages/6220.json]
[www.saffe.ai/wp-json/oembed/1.0/embed5e11.json]
[www.saffe.ai/wp-json/oembed/1.0/embedac8e]
[www.saffe.ai/demo/index.html]
[www.saffe.ai/wp-content/themes/leadengine/images/grabbing.html]
[www.saffe.ai/wp-content/themes/leadengine/images/arrow-down.html]
[www.saffe.ai/wp-content/themes/leadengine/images/hover-arrow.html]
[www.saffe.ai/wp-content/themes/leadengine/core/assets/images/contact-loader.svg]
[www.saffe.ai/wp-content/plugins/feed-them-social/feeds/css/font/fontawesome-webfont.svg]
[www.saffe.ai/wp-content/plugins/feed-them-social/feeds/images/fb-play-btn.html]
[www.saffe.ai/wp-content/plugins/revslider/public/assets/fonts/revicons/revicons90c6.svg]
[www.saffe.ai/wp-content/plugins/revslider/public/assets/css/openhand.html]
[www.saffe.ai/wp-content/plugins/revslider/public/assets/css/closedhand.html]
[www.saffe.ai/wp-content/plugins/js_composer/assets/lib/bower/font-awesome/fonts/fontawesome-webfont3e6e.svg]
[www.saffe.ai/wp-content/plugins/js_composer/assets/fonts/vc_icons_v2/fonts/vcpb-plugin-iconsb82a.svg]
[www.saffe.ai/wp-content/plugins/js_composer/assets/vc/blur.svg]
[www.saffe.ai/wp-content/plugins/js_composer/assets/fonts/vc_grid/vc_grid_v157a1.svg]
[www.saffe.ai/wp-content/plugins/keydesign-addon/assets/img/photoswipe/default-skin.svg]
[www.saffe.ai/wp-content/plugins/keydesign-addon/extensions/social_profiles/social_profiles/css/field_social_profiles_frontend3e6b.css]
[www.saffe.ai/wp-content/plugins/keydesign-addon/extensions/social_profiles/social_profiles/css/field_social_profiles_frontend4500.css]
[www.saffe.ai/pt/wp-json/wp/v2/pages/6180.json]
[www.saffe.ai/pt/wp-json/oembed/1.0/embeddc49.json]
[www.saffe.ai/pt/wp-json/oembed/1.0/embedf2c3]
[www.saffe.ai/pt/who-we-are/index.html]
[www.saffe.ai/wp-content/plugins/keydesign-addon/extensions/social_profiles/social_profiles/css/field_social_profiles_frontend108e.css]
[www.saffe.ai/pt/wp-json/wp/v2/pages/6215.json]
[www.saffe.ai/pt/wp-json/oembed/1.0/embed86f6.json]
[www.saffe.ai/pt/wp-json/oembed/1.0/embed5aa5]
[www.saffe.ai/pt/technology/index.html]
[www.saffe.ai/pt/wp-json/wp/v2/pages/6212.json]
[www.saffe.ai/pt/wp-json/oembed/1.0/embed8820.json]
[www.saffe.ai/pt/wp-json/oembed/1.0/embedab91]
[www.saffe.ai/pt/use-cases/index.html]
[www.saffe.ai/pt/wp-json/wp/v2/pages/6220.json]
[www.saffe.ai/pt/wp-json/oembed/1.0/embedfae1.json]
[www.saffe.ai/pt/wp-json/oembed/1.0/embed0e7e]
[www.saffe.ai/pt/demo/index.html]
[www.saffe.ai/wp-content/plugins/keydesign-addon/extensions/social_profiles/social_profiles/css/field_social_profiles_frontenda76c.css]
[www.saffe.ai/index181a.html]
[www.saffe.ai/wp-content/plugins/js_composer/assets/lib/bower/animate-css/animate.min52c7.css]
[www.saffe.ai/indexd6c3.html]
[www.saffe.ai/index85ad.html]
[www.saffe.ai/wp-content/plugins/keydesign-addon/extensions/social_profiles/social_profiles/css/field_social_profiles_frontendec52.css]
[www.saffe.ai/index3297.html]
[www.saffe.ai/wp-content/plugins/keydesign-addon/extensions/social_profiles/social_profiles/css/field_social_profiles_frontend4500.css]
[www.saffe.ai/pt/index181a.html]
[www.saffe.ai/wp-content/plugins/keydesign-addon/extensions/social_profiles/social_profiles/css/field_social_profiles_frontend108e.css]
[www.saffe.ai/pt/indexd6c3.html]
[www.saffe.ai/pt/index85ad.html]
[www.saffe.ai/pt/index3297.html]
